node.exe : FAIL test/staff.service.test.js (56.016 s)
At D:\Respositories\SEP490_G40_SP26\backend\node_modules\.bin\jest.ps1:24 char:5
+     & "node$exe"  "$basedir/../jest/bin/jest.js" $args
+     ~~~~~~~~~~~~~~~~~~~~~~~~~~~~~~~~~~~~~~~~~~~~~~~~~~
    + CategoryInfo          : NotSpecified: (FAIL test/staff...t.js (56.016 s):String) [], RemoteException
    + FullyQualifiedErrorId : NativeCommandError
 
  StaffService
    ├ù getListService - success (5003 ms)
    ├ù getByIdService - success (5006 ms)
    ├ù getByIdService - invalid id (5008 ms)
    ├ù createService - doctor (5014 ms)
    ├ù createService - rollback (5008 ms)
    ├ù updateService - success (5011 ms)
    ├ù checkUniqueUsername (5005 ms)
    ├ù updateStaffStatusOnly (5015 ms)
    ├ù createLeaveRequestService (5014 ms)
    ├ù approveLeaveRequestService (5006 ms)
    ├ù getAllLeaveRequestsService (5003 ms)

  ΓùÅ StaffService ΓÇ║ getListService - success

    thrown: "Exceeded timeout of 5000 ms for a hook.
    Add a timeout value to this test to increase the timeout, if this is a long-running test. See 
https://jestjs.io/docs/api#testname-fn-timeout."

    [0m [90m 111 |[39m     [36mlet[39m session[33m;[39m
     [90m 112 |[39m
    [31m[1m>[22m[39m[90m 113 |[39m     beforeEach([36masync[39m () [33m=>[39m {
     [90m     |[39m     [31m[1m^[22m[39m
     [90m 114 |[39m         jest[33m.[39mclearAllMocks()[33m;[39m
     [90m 115 |[39m         session [33m=[39m [36mawait[39m mongoose[33m.[39mstartSession()[33m;[39m
     [90m 116 |[39m     })[33m;[39m[0m

      at beforeEach (test/staff.service.test.js:113:5)
      at Object.describe (test/staff.service.test.js:110:1)

  ΓùÅ StaffService ΓÇ║ getByIdService - success

    thrown: "Exceeded timeout of 5000 ms for a hook.
    Add a timeout value to this test to increase the timeout, if this is a long-running test. See 
https://jestjs.io/docs/api#testname-fn-timeout."

    [0m [90m 111 |[39m     [36mlet[39m session[33m;[39m
     [90m 112 |[39m
    [31m[1m>[22m[39m[90m 113 |[39m     beforeEach([36masync[39m () [33m=>[39m {
     [90m     |[39m     [31m[1m^[22m[39m
     [90m 114 |[39m         jest[33m.[39mclearAllMocks()[33m;[39m
     [90m 115 |[39m         session [33m=[39m [36mawait[39m mongoose[33m.[39mstartSession()[33m;[39m
     [90m 116 |[39m     })[33m;[39m[0m

      at beforeEach (test/staff.service.test.js:113:5)
      at Object.describe (test/staff.service.test.js:110:1)

  ΓùÅ StaffService ΓÇ║ getByIdService - invalid id

    thrown: "Exceeded timeout of 5000 ms for a hook.
    Add a timeout value to this test to increase the timeout, if this is a long-running test. See 
https://jestjs.io/docs/api#testname-fn-timeout."

    [0m [90m 111 |[39m     [36mlet[39m session[33m;[39m
     [90m 112 |[39m
    [31m[1m>[22m[39m[90m 113 |[39m     beforeEach([36masync[39m () [33m=>[39m {
     [90m     |[39m     [31m[1m^[22m[39m
     [90m 114 |[39m         jest[33m.[39mclearAllMocks()[33m;[39m
     [90m 115 |[39m         session [33m=[39m [36mawait[39m mongoose[33m.[39mstartSession()[33m;[39m
     [90m 116 |[39m     })[33m;[39m[0m

      at beforeEach (test/staff.service.test.js:113:5)
      at Object.describe (test/staff.service.test.js:110:1)

  ΓùÅ StaffService ΓÇ║ createService - doctor

    thrown: "Exceeded timeout of 5000 ms for a hook.
    Add a timeout value to this test to increase the timeout, if this is a long-running test. See 
https://jestjs.io/docs/api#testname-fn-timeout."

    [0m [90m 111 |[39m     [36mlet[39m session[33m;[39m
     [90m 112 |[39m
    [31m[1m>[22m[39m[90m 113 |[39m     beforeEach([36masync[39m () [33m=>[39m {
     [90m     |[39m     [31m[1m^[22m[39m
     [90m 114 |[39m         jest[33m.[39mclearAllMocks()[33m;[39m
     [90m 115 |[39m         session [33m=[39m [36mawait[39m mongoose[33m.[39mstartSession()[33m;[39m
     [90m 116 |[39m     })[33m;[39m[0m

      at beforeEach (test/staff.service.test.js:113:5)
      at Object.describe (test/staff.service.test.js:110:1)

  ΓùÅ StaffService ΓÇ║ createService - rollback

    thrown: "Exceeded timeout of 5000 ms for a hook.
    Add a timeout value to this test to increase the timeout, if this is a long-running test. See 
https://jestjs.io/docs/api#testname-fn-timeout."

    [0m [90m 111 |[39m     [36mlet[39m session[33m;[39m
     [90m 112 |[39m
    [31m[1m>[22m[39m[90m 113 |[39m     beforeEach([36masync[39m () [33m=>[39m {
     [90m     |[39m     [31m[1m^[22m[39m
     [90m 114 |[39m         jest[33m.[39mclearAllMocks()[33m;[39m
     [90m 115 |[39m         session [33m=[39m [36mawait[39m mongoose[33m.[39mstartSession()[33m;[39m
     [90m 116 |[39m     })[33m;[39m[0m

      at beforeEach (test/staff.service.test.js:113:5)
      at Object.describe (test/staff.service.test.js:110:1)

  ΓùÅ StaffService ΓÇ║ updateService - success

    thrown: "Exceeded timeout of 5000 ms for a hook.
    Add a timeout value to this test to increase the timeout, if this is a long-running test. See 
https://jestjs.io/docs/api#testname-fn-timeout."

    [0m [90m 111 |[39m     [36mlet[39m session[33m;[39m
     [90m 112 |[39m
    [31m[1m>[22m[39m[90m 113 |[39m     beforeEach([36masync[39m () [33m=>[39m {
     [90m     |[39m     [31m[1m^[22m[39m
     [90m 114 |[39m         jest[33m.[39mclearAllMocks()[33m;[39m
     [90m 115 |[39m         session [33m=[39m [36mawait[39m mongoose[33m.[39mstartSession()[33m;[39m
     [90m 116 |[39m     })[33m;[39m[0m

      at beforeEach (test/staff.service.test.js:113:5)
      at Object.describe (test/staff.service.test.js:110:1)

  ΓùÅ StaffService ΓÇ║ checkUniqueUsername

    thrown: "Exceeded timeout of 5000 ms for a hook.
    Add a timeout value to this test to increase the timeout, if this is a long-running test. See 
https://jestjs.io/docs/api#testname-fn-timeout."

    [0m [90m 111 |[39m     [36mlet[39m session[33m;[39m
     [90m 112 |[39m
    [31m[1m>[22m[39m[90m 113 |[39m     beforeEach([36masync[39m () [33m=>[39m {
     [90m     |[39m     [31m[1m^[22m[39m
     [90m 114 |[39m         jest[33m.[39mclearAllMocks()[33m;[39m
     [90m 115 |[39m         session [33m=[39m [36mawait[39m mongoose[33m.[39mstartSession()[33m;[39m
     [90m 116 |[39m     })[33m;[39m[0m

      at beforeEach (test/staff.service.test.js:113:5)
      at Object.describe (test/staff.service.test.js:110:1)

  ΓùÅ StaffService ΓÇ║ updateStaffStatusOnly

    thrown: "Exceeded timeout of 5000 ms for a hook.
    Add a timeout value to this test to increase the timeout, if this is a long-running test. See 
https://jestjs.io/docs/api#testname-fn-timeout."

    [0m [90m 111 |[39m     [36mlet[39m session[33m;[39m
     [90m 112 |[39m
    [31m[1m>[22m[39m[90m 113 |[39m     beforeEach([36masync[39m () [33m=>[39m {
     [90m     |[39m     [31m[1m^[22m[39m
     [90m 114 |[39m         jest[33m.[39mclearAllMocks()[33m;[39m
     [90m 115 |[39m         session [33m=[39m [36mawait[39m mongoose[33m.[39mstartSession()[33m;[39m
     [90m 116 |[39m     })[33m;[39m[0m

      at beforeEach (test/staff.service.test.js:113:5)
      at Object.describe (test/staff.service.test.js:110:1)

  ΓùÅ StaffService ΓÇ║ createLeaveRequestService

    thrown: "Exceeded timeout of 5000 ms for a hook.
    Add a timeout value to this test to increase the timeout, if this is a long-running test. See 
https://jestjs.io/docs/api#testname-fn-timeout."

    [0m [90m 111 |[39m     [36mlet[39m session[33m;[39m
     [90m 112 |[39m
    [31m[1m>[22m[39m[90m 113 |[39m     beforeEach([36masync[39m () [33m=>[39m {
     [90m     |[39m     [31m[1m^[22m[39m
     [90m 114 |[39m         jest[33m.[39mclearAllMocks()[33m;[39m
     [90m 115 |[39m         session [33m=[39m [36mawait[39m mongoose[33m.[39mstartSession()[33m;[39m
     [90m 116 |[39m     })[33m;[39m[0m

      at beforeEach (test/staff.service.test.js:113:5)
      at Object.describe (test/staff.service.test.js:110:1)

  ΓùÅ StaffService ΓÇ║ approveLeaveRequestService

    thrown: "Exceeded timeout of 5000 ms for a hook.
    Add a timeout value to this test to increase the timeout, if this is a long-running test. See 
https://jestjs.io/docs/api#testname-fn-timeout."

    [0m [90m 111 |[39m     [36mlet[39m session[33m;[39m
     [90m 112 |[39m
    [31m[1m>[22m[39m[90m 113 |[39m     beforeEach([36masync[39m () [33m=>[39m {
     [90m     |[39m     [31m[1m^[22m[39m
     [90m 114 |[39m         jest[33m.[39mclearAllMocks()[33m;[39m
     [90m 115 |[39m         session [33m=[39m [36mawait[39m mongoose[33m.[39mstartSession()[33m;[39m
     [90m 116 |[39m     })[33m;[39m[0m

      at beforeEach (test/staff.service.test.js:113:5)
      at Object.describe (test/staff.service.test.js:110:1)

  ΓùÅ StaffService ΓÇ║ getAllLeaveRequestsService

    thrown: "Exceeded timeout of 5000 ms for a hook.
    Add a timeout value to this test to increase the timeout, if this is a long-running test. See 
https://jestjs.io/docs/api#testname-fn-timeout."

    [0m [90m 111 |[39m     [36mlet[39m session[33m;[39m
     [90m 112 |[39m
    [31m[1m>[22m[39m[90m 113 |[39m     beforeEach([36masync[39m () [33m=>[39m {
     [90m     |[39m     [31m[1m^[22m[39m
     [90m 114 |[39m         jest[33m.[39mclearAllMocks()[33m;[39m
     [90m 115 |[39m         session [33m=[39m [36mawait[39m mongoose[33m.[39mstartSession()[33m;[39m
     [90m 116 |[39m     })[33m;[39m[0m

      at beforeEach (test/staff.service.test.js:113:5)
      at Object.describe (test/staff.service.test.js:110:1)

Test Suites: 1 failed, 1 total
Tests:       11 failed, 11 total
Snapshots:   0 total
Time:        56.094 s
Ran all test suites matching test/staff.service.test.js.
Jest did not exit one second after the test run has completed.

'This usually means that there are asynchronous operations that weren't stopped in your tests. Consider running Jest 
with `--detectOpenHandles` to troubleshoot this issue.
